[s0073@umu30 hadoop]$ hadoop fs -cat /user/s0073/range/*
1       1
100     1
10      1
[s0073@umu30 hadoop]$ hadoop fs -cat /user/s0073/range/*
100     1
10      2
[s0073@umu30 hadoop]$ hadoop fs -cat /user/s0073/avg/*
cat: `/user/s0073/avg/*': No such file or directory
[s0073@umu30 hadoop]$ hadoop fs -cat /user/s0073/avg/*
0       60.721367
[s0073@umu30 hadoop]$ hadoop fs -cat /user/s0073/top/*
0       16409683        3081112
0       19058681        2997652
0       15846407        2679665
0       813286          2653044
0       428333          2450767
0       19397785        1994941
0       783214          1959763
0       16190898        1885919
0       19757371        1844563
0       17461978        1844124
0       25365536        1790844
0       14075928        1749729
0       19554706        1692018
0       15485441        1668324
0       18220175        1657292
0       16727535        1651310
0       15131310        1611328
0       14224719        1611082
0       807095          1524225
0       18863815        1519700
0       7040932         1483640
0       27104736        1477477
0       17220934        1377340
0       18091904        1318984
0       18222378        1318391
0       5741722         1313586
0       20536157        1278265
0       21879024        1277281
0       19329393        1269669
0       16827333        1241425
0       6273552         1222502
0       12687952        1221062
0       20              1214699
0       972651          1212930
0       26885308        1200504
0       5380672         1197043
0       19877186        1191351
0       14293310        1190031
0       6211972         1186601
0       21324258        1177265
0       19637934        1177056
0       16264006        1164375
0       14515734        1159917
0       2883841         1129692
0       19394188        1123318
0       7400702         1119194
0       19248106        1116032
0       657863          1110230
0       19923144        1104252
0       6449282         1095380
[s0073@umu30 hadoop]$ hadoop fs -cat /user/s0073/range/*
10000000        76
1000000         477
100000          13580
10000           361039
1000            2956814
100             20883984
10              17436260
